<?php

declare(strict_types=1);

use Illuminate\Support\Facades\Route;
use Package\Http\Controllers\UserController;

Route::apiResource('', UserController::class);
