<?php

namespace Package\Database\Factories;

use Illuminate\Database\Eloquent\Factories\Factory;
use Package\Models\User;

class UserFactory extends Factory
{
    protected $model = User::class;

    public function definition(): array
    {
        return [
        ];
    }
}
