<?php

namespace Package\Models;

use Illuminate\Database\Eloquent\Model;

class User extends Model
{
}
