<?php

declare(strict_types=1);

namespace Package\Models;

use Illuminate\Database\Eloquent\Factories\HasFactory;
use Illuminate\Database\Eloquent\Model;

/**
 * @var string $name
 */
class User extends Model
{
    use HasFactory;

    protected $table = 'user';

    protected $fillable = ['name'];
}
