<?php

namespace Workbench\Studio\Package\App\Models\Builder;

use Illuminate\Database\Eloquent\Builder;

class UserBuilder extends Builder
{
}
