<?php

use Illuminate\Database\Migrations\Migration;
use Illuminate\Database\Schema\Blueprint;
use Illuminate\Support\Facades\Schema;

class UserMigration extends Migration
{
    public function up(): void
    {
    }

    public function down(): void
    {
    }
}
