<?php

namespace Workbench\Studio\Package\App\Models;

use Illuminate\Database\Eloquent\Model;

class User extends Model
{
}
